{
  "agent": {
    "name": "CoffeeShop",
    "displayName": "Coffee Shop Bot",
    "description": "Bot to help customers order coffee"
  },
  "messages": {},
  "flows": {}
}